 Image museflow-scheduler Building 
 Image museflow-minio Building 
 Image museflow-web Building 
 Image museflow-minio-init Building 
 Image museflow-migrate Building 
 Image museflow-worker Building 
 Image museflow-maintenance-worker Building 
 Image museflow-api Building 
#1 [internal] load local bake definitions
#1 reading from stdin 3.51kB 0.0s done
#1 DONE 0.0s

#2 [minio-init internal] load build definition from Dockerfile.mc
#2 transferring dockerfile: 777B 0.0s done
#2 DONE 0.0s

#3 [scheduler internal] load build definition from Dockerfile
#3 transferring dockerfile: 350B 0.0s done
#3 DONE 0.0s

#4 [minio internal] load build definition from Dockerfile
#4 transferring dockerfile: 432B 0.0s done
#4 DONE 0.0s

#5 [web internal] load build definition from Dockerfile
#5 transferring dockerfile: 500B 0.0s done
#5 DONE 0.1s

#6 [migrate internal] load metadata for docker.io/library/python:3.13-slim
#6 DONE 0.0s

#7 [web internal] load metadata for docker.io/library/node:24.18.0-alpine
#7 DONE 0.0s

#8 [api internal] load .dockerignore
#8 transferring context: 2B done
#8 DONE 0.0s

#9 [worker 1/8] FROM docker.io/library/python:3.13-slim@sha256:8d9d0b8bcf6506481eae4907c18f5e3e7902e629f5f6d684f9e7c32e85e3ddf0
#9 resolve docker.io/library/python:3.13-slim@sha256:8d9d0b8bcf6506481eae4907c18f5e3e7902e629f5f6d684f9e7c32e85e3ddf0 0.0s done
#9 DONE 0.0s

#10 [api internal] load build context
#10 transferring context: 7.63kB 0.0s done
#10 DONE 0.0s

#11 [scheduler 2/8] WORKDIR /app
#11 CACHED

#12 [scheduler 7/8] COPY src ./src
#12 CACHED

#13 [scheduler 5/8] COPY migrations ./migrations
#13 CACHED

#14 [scheduler 3/8] COPY pyproject.toml uv.lock ./
#14 CACHED

#15 [scheduler 6/8] COPY alembic.ini ./
#15 CACHED

#16 [scheduler 4/8] RUN pip install --no-cache-dir uv     && uv sync --frozen --no-dev --no-install-project
#16 CACHED

#17 [scheduler 8/8] RUN uv pip install --system --no-deps .
#17 CACHED

#18 [maintenance-worker] exporting to image
#18 exporting layers done
#18 exporting manifest sha256:2b217f6ddcbb6961e79806bf34a7c6795e25b5d25f924972dfa32229f232b456 done
#18 exporting config sha256:f4766015d79dc3c6731f28a9a33329b25cc7567568066df091d3eda0469ecfd7
#18 exporting config sha256:f4766015d79dc3c6731f28a9a33329b25cc7567568066df091d3eda0469ecfd7 0.0s done
#18 exporting attestation manifest sha256:b5afbdff873ef4bd13ab151915ed05384e8458ea2d581b893826b57e275b15d5
#18 ...

#19 [worker] exporting to image
#19 exporting layers done
#19 exporting manifest sha256:b1b2399e6e371e6f804397b392e0d1e75ae5f4ab0633e1d4c2ce7d4caa98cfdf done
#19 exporting config sha256:4a4860437828c406ffb6a5567b8c46c969d5d942f2135df071eefc92cb0fb362 done
#19 exporting attestation manifest sha256:0cb36e4e78eecd93824132ccb4a548f78d3ca52871b3adfba1f6c252ce01904f 0.1s done
#19 exporting manifest list sha256:8507c9e837ef5e6d6d39a48cdd243ce9c3d8e0d1b6bb747f62a534890b82ecf2 0.0s done
#19 naming to docker.io/library/museflow-worker:latest 0.0s done
#19 unpacking to docker.io/library/museflow-worker:latest 0.0s done
#19 DONE 0.3s

#18 [maintenance-worker] exporting to image
#18 exporting attestation manifest sha256:b5afbdff873ef4bd13ab151915ed05384e8458ea2d581b893826b57e275b15d5 0.1s done
#18 exporting manifest list sha256:cb432bb666d7e8a123a88f27fe25fbfe88d9f64bcb71b96ecbe2041dcb6fafe3 0.0s done
#18 naming to docker.io/library/museflow-maintenance-worker:latest done
#18 unpacking to docker.io/library/museflow-maintenance-worker:latest 0.0s done
#18 DONE 0.3s

#20 [api] exporting to image
#20 exporting layers done
#20 exporting manifest sha256:aa5ff40b4618ba0b38bb065ba4416a3cf4939f66724bd7eb6233bfd4bb45f990 done
#20 exporting config sha256:08f771733977c75d207dd61cb477dac9fbd164182c321984e7c4d5f0ad58a84f done
#20 exporting attestation manifest sha256:17e9ab14e60b5df337157e877e2ff20c9de7ce25c023575c9d2de9192462d760 0.1s done
#20 exporting manifest list sha256:fb7f19f73acc8705b13aa87a536dd977e88f8dd5ad86d58abf5daec40d6baaae 0.0s done
#20 naming to docker.io/library/museflow-api:latest 0.0s done
#20 unpacking to docker.io/library/museflow-api:latest 0.0s done
#20 DONE 0.3s

#21 [scheduler] exporting to image
#21 exporting layers done
#21 exporting manifest sha256:967049b30856227992d2e8b4d1ae3cda1ace9b807b8df7da0fca8d3780078f6d done
#21 exporting config sha256:4197caa162dc57f50df1b55351b261e909aa58847cfdbe51fcf62708d64d726b 0.0s done
#21 exporting attestation manifest sha256:f01c89bdd62313925e9943c5c9597d59343d75b05f0e96d027aeee6c9e2fdcfb 0.1s done
#21 exporting manifest list sha256:ed257392e564cf4e9ad4bb67d12a7f43374edbb405a09432df9695aaa58ee359 0.0s done
#21 naming to docker.io/library/museflow-scheduler:latest 0.0s done
#21 unpacking to docker.io/library/museflow-scheduler:latest 0.0s done
#21 DONE 0.3s

#22 [migrate] exporting to image
#22 exporting layers done
#22 exporting manifest sha256:11e9cc67a856da16cc7a9fc482f78de89bae8a1ca3cee078c4070ab149350389 done
#22 exporting config sha256:116faaa158d2c5b9d211c21e87151cd16a3ccadd6c26c54d969f95c0b761da60 done
#22 exporting attestation manifest sha256:28333ec339ee146e23190de3ff0bf6d953fe95e31c708e3d1bbf37077488a87c 0.1s done
#22 exporting manifest list sha256:2af30b4432ecaf3b1c03aa2548f802fb84c3269fbe7e861e7567e8cdbe8317e8 0.0s done
#22 naming to docker.io/library/museflow-migrate:latest 0.0s done
#22 unpacking to docker.io/library/museflow-migrate:latest 0.0s done
#22 DONE 0.3s

#23 [minio internal] load metadata for docker.io/library/alpine:3.22
#23 ...

#24 [worker] resolving provenance for metadata file
#24 DONE 0.2s

#25 [migrate] resolving provenance for metadata file
#25 DONE 0.1s

#26 [api] resolving provenance for metadata file
#26 DONE 0.2s

#27 [scheduler] resolving provenance for metadata file
#27 DONE 0.1s

#28 [maintenance-worker] resolving provenance for metadata file
#28 DONE 0.0s

#29 [web internal] load metadata for docker.io/library/nginx:1.29-alpine
#29 ...

#30 [auth] library/nginx:pull token for registry-1.docker.io
#30 DONE 0.0s

#31 [auth] library/alpine:pull token for registry-1.docker.io
#31 DONE 0.0s

#32 [auth] library/golang:pull token for registry-1.docker.io
#32 DONE 0.0s

#33 [minio internal] load metadata for docker.io/library/golang:1.24.8
#33 DONE 2.3s

#23 [minio internal] load metadata for docker.io/library/alpine:3.22
#23 DONE 2.3s

#29 [web internal] load metadata for docker.io/library/nginx:1.29-alpine
#29 DONE 2.2s

#34 [minio internal] load .dockerignore
#34 transferring context: 2B done
#34 DONE 0.0s

#35 [web internal] load .dockerignore
#35 transferring context: 152B 0.0s done
#35 DONE 0.0s

#36 [minio-init 1/2] FROM docker.io/library/alpine:3.22@sha256:5291449c3df73caf6ed85e649dec1b9e818b39a5d8c871e97afc13e9cd5e8fa8
#36 resolve docker.io/library/alpine:3.22@sha256:5291449c3df73caf6ed85e649dec1b9e818b39a5d8c871e97afc13e9cd5e8fa8 0.0s done
#36 DONE 0.0s

#37 [minio-init 2/2] RUN apk add --no-cache ca-certificates curl     && case "amd64" in       amd64) checksum=01f866e9c5f9b87c2b09116fa5d7c06695b106242d829a8bb32990c00312e891 ;;       arm64) checksum=14c8c9616cfce4636add161304353244e8de383b2e2752c0e9dad01d4c27c12c ;;       *) echo "Unsupported MinIO client architecture: amd64" >&2; exit 1 ;;     esac     && curl --fail --location --retry 3       "https://github.com/minio/mc/releases/download/RELEASE.2025-08-13T08-35-41Z/mc.linux-amd64.RELEASE.2025-08-13T08-35-41Z"       --output /usr/local/bin/mc     && echo "${checksum}  /usr/local/bin/mc" | sha256sum -c -     && chmod +x /usr/local/bin/mc
#37 CACHED

#38 [web build 1/6] FROM docker.io/library/node:24.18.0-alpine@sha256:a0b9bf06e4e6193cf7a0f58816cc935ff8c2a908f81e6f1a95432d679c54fbfd
#38 resolve docker.io/library/node:24.18.0-alpine@sha256:a0b9bf06e4e6193cf7a0f58816cc935ff8c2a908f81e6f1a95432d679c54fbfd 0.0s done
#38 DONE 0.0s

#39 [web web 1/3] FROM docker.io/library/nginx:1.29-alpine@sha256:5616878291a2eed594aee8db4dade5878cf7edcb475e59193904b198d9b830de
#39 resolve docker.io/library/nginx:1.29-alpine@sha256:5616878291a2eed594aee8db4dade5878cf7edcb475e59193904b198d9b830de 0.0s done
#39 DONE 0.0s

#40 [minio build 1/2] FROM docker.io/library/golang:1.24.8@sha256:273d4e65baa782dbe293c9192d600b72b17d415c1429e16bed99efcc5e61efb8
#40 resolve docker.io/library/golang:1.24.8@sha256:273d4e65baa782dbe293c9192d600b72b17d415c1429e16bed99efcc5e61efb8 0.0s done
#40 DONE 0.0s

#41 [minio build 2/2] RUN CGO_ENABLED=0 go install github.com/minio/minio@RELEASE.2025-10-15T17-29-55Z
#41 CACHED

#42 [minio stage-1 2/3] RUN apk add --no-cache ca-certificates curl
#42 CACHED

#43 [minio stage-1 3/3] COPY --from=build /go/bin/minio /usr/local/bin/minio
#43 CACHED

#44 [minio] exporting to image
#44 exporting layers done
#44 exporting manifest sha256:380572ce3b7cbd5acf1923b54ff049ee3ae5b5705b18ac719002243591560b87 done
#44 exporting config sha256:ac6f7085a34d96757a353a6a8dc7d9957ffcc8b0d54499aa968a0ac5e43c828a
#44 ...

#45 [web internal] load build context
#45 transferring context: 65.38kB 0.0s done
#45 DONE 0.0s

#46 [web web 2/3] COPY deploy/nginx.conf /etc/nginx/conf.d/default.conf
#46 CACHED

#47 [web build 3/6] COPY package.json package-lock.json ./
#47 CACHED

#48 [web build 4/6] RUN npm ci
#48 CACHED

#49 [web build 5/6] COPY . .
#49 CACHED

#50 [web build 2/6] WORKDIR /app
#50 CACHED

#51 [web build 6/6] RUN npm run build
#51 CACHED

#52 [web web 3/3] COPY --from=build /app/dist /usr/share/nginx/html
#52 CACHED

#44 [minio] exporting to image
#44 exporting config sha256:ac6f7085a34d96757a353a6a8dc7d9957ffcc8b0d54499aa968a0ac5e43c828a done
#44 exporting attestation manifest sha256:7053204859359110cd5839ffa25d0b90705a61cc2688b9055d6843f062ec8dc0 0.0s done
#44 exporting manifest list sha256:ce1d486a605dc009c4fcdbc8a755852608a72dabf4bfbbf670d4acc48385ae2e 0.0s done
#44 naming to docker.io/library/museflow-minio:latest done
#44 unpacking to docker.io/library/museflow-minio:latest 0.0s done
#44 DONE 0.2s

#53 [minio-init] exporting to image
#53 exporting layers done
#53 exporting manifest sha256:c5a90e5471d66cf3b34357220d20a5fe68b81d100e4e4fc086363d77c5321744 done
#53 exporting config sha256:0c34165f31bc15c3934d905bf8aa1c70117ab8a45d2e654ee2f5ee9aba4830dc done
#53 exporting attestation manifest sha256:993a0473007e8534fff479efe91ab1453bd6d9c0233fd08cd43128b9f8a115db 0.0s done
#53 exporting manifest list sha256:a55c896a75887f3701bf28eb4b25bea59814411fe1524c77ac3b2524819377c5 0.0s done
#53 naming to docker.io/library/museflow-minio-init:latest done
#53 unpacking to docker.io/library/museflow-minio-init:latest 0.0s done
#53 DONE 0.1s

#54 [web] exporting to image
#54 exporting layers done
#54 exporting manifest sha256:195054bc581951bb9f1adbd16aed12db19aee03365497b9de00cb51ac2a3c7b6 0.0s done
#54 exporting config sha256:98bd20433704b2bea7d4a2d59b6acbd041f616ac79d12147507d75fef653d9e4 0.0s done
#54 exporting attestation manifest sha256:6a2aab2270f770e31320f7de939c43c7cbcc79981e034b106a0ad9c3a49f1e2d 0.0s done
#54 exporting manifest list sha256:f2e92c67eb3509a9fba400e8f7a2898c047ffe8745661ca2284e0afc3794c444 0.1s done
#54 naming to docker.io/library/museflow-web:latest 0.0s done
#54 unpacking to docker.io/library/museflow-web:latest 0.0s done
#54 DONE 0.2s

#55 [minio] resolving provenance for metadata file
#55 DONE 0.1s

#56 [minio-init] resolving provenance for metadata file
#56 DONE 0.1s

#57 [web] resolving provenance for metadata file
#57 DONE 0.0s
 Image museflow-web Built 
 Image museflow-minio Built 
 Image museflow-minio-init Built 
 Image museflow-migrate Built 
 Image museflow-api Built 
 Image museflow-maintenance-worker Built 
 Image museflow-scheduler Built 
 Image museflow-worker Built 
 Container museflow-minio-1 Recreate 
 Container museflow-migrate-1 Recreate 
 Container museflow-migrate-1 Recreated 
 Container museflow-scheduler-1 Recreate 
 Container museflow-minio-1 Recreated 
 Container museflow-minio-init-1 Recreate 
 Container museflow-scheduler-1 Recreated 
 Container museflow-minio-init-1 Recreated 
 Container museflow-api-1 Recreate 
 Container museflow-maintenance-worker-1 Creating 
 Container museflow-worker-1 Recreate 
 Container museflow-maintenance-worker-1 Created 
 Container museflow-api-1 Recreated 
 Container museflow-web-1 Creating 
 Container museflow-web-1 Created 
 Container museflow-worker-1 Recreated 
Attaching to api-1, maintenance-worker-1, migrate-1, minio-1, minio-init-1, postgres-1, redis-1, scheduler-1, web-1, worker-1
 Container museflow-postgres-1 Starting 
 Container museflow-redis-1 Starting 
 Container museflow-minio-1 Starting 
 Container museflow-postgres-1 Started 
 Container museflow-postgres-1 Waiting 
postgres-1  | 
postgres-1  | PostgreSQL Database directory appears to contain a database; Skipping initialization
postgres-1  | 
postgres-1  | 2026-09-25 01:52:36.084 UTC [1] LOG:  starting PostgreSQL 16.15 on x86_64-pc-linux-musl, compiled by gcc (Alpine 15.2.0) 15.2.0, 64-bit
postgres-1  | 2026-09-25 01:52:36.084 UTC [1] LOG:  listening on IPv4 address "0.0.0.0", port 5432
postgres-1  | 2026-09-25 01:52:36.084 UTC [1] LOG:  listening on IPv6 address "::", port 5432
postgres-1  | 2026-09-25 01:52:36.091 UTC [1] LOG:  listening on Unix socket "/var/run/postgresql/.s.PGSQL.5432"
postgres-1  | 2026-09-25 01:52:36.099 UTC [30] LOG:  database system was shut down at 2026-09-24 05:34:17 UTC
postgres-1  | 2026-09-25 01:52:36.115 UTC [1] LOG:  database system is ready to accept connections
 Container museflow-redis-1 Started 
redis-1     | 1:C 25 Sep 2026 01:52:36.267 * oO0OoO0OoO0Oo Redis is starting oO0OoO0OoO0Oo
redis-1     | 1:C 25 Sep 2026 01:52:36.267 * Redis version=7.4.11, bits=64, commit=00000000, modified=0, pid=1, just started
redis-1     | 1:C 25 Sep 2026 01:52:36.267 * Configuration loaded
redis-1     | 1:M 25 Sep 2026 01:52:36.268 * monotonic clock: POSIX clock_gettime
redis-1     | 1:M 25 Sep 2026 01:52:36.271 * Running mode=standalone, port=6379.
redis-1     | 1:M 25 Sep 2026 01:52:36.272 * Server initialized
redis-1     | 1:M 25 Sep 2026 01:52:36.274 * Reading RDB base file on AOF loading...
redis-1     | 1:M 25 Sep 2026 01:52:36.274 * Loading RDB produced by version 7.4.11
redis-1     | 1:M 25 Sep 2026 01:52:36.274 * RDB age 489626 seconds
redis-1     | 1:M 25 Sep 2026 01:52:36.274 * RDB memory usage when created 0.90 Mb
redis-1     | 1:M 25 Sep 2026 01:52:36.274 * RDB is base AOF
redis-1     | 1:M 25 Sep 2026 01:52:36.274 * Done loading RDB, keys loaded: 0, keys expired: 0.
redis-1     | 1:M 25 Sep 2026 01:52:36.275 * DB loaded from base file appendonly.aof.1.base.rdb: 0.001 seconds
redis-1     | 1:M 25 Sep 2026 01:52:36.280 * DB loaded from incr file appendonly.aof.1.incr.aof: 0.005 seconds
redis-1     | 1:M 25 Sep 2026 01:52:36.280 * DB loaded from append only file: 0.007 seconds
redis-1     | 1:M 25 Sep 2026 01:52:36.280 * Opening AOF incr file appendonly.aof.1.incr.aof on server start
redis-1     | 1:M 25 Sep 2026 01:52:36.280 * Ready to accept connections tcp
 Container museflow-minio-1 Started 
 Container museflow-minio-1 Waiting 
minio-1     | MinIO Object Storage Server
minio-1     | Copyright: 2015-2026 MinIO, Inc.
minio-1     | License: GNU AGPLv3 - https://www.gnu.org/licenses/agpl-3.0.html
minio-1     | Version: DEVELOPMENT.GOGET (go1.24.8 linux/amd64)
minio-1     | 
minio-1     | API: http://172.18.0.4:9000  http://127.0.0.1:9000 
minio-1     | WebUI: http://172.18.0.4:9001 http://127.0.0.1:9001  
minio-1     | 
minio-1     | Docs: https://docs.min.io
minio-1     | WARN: Detected default credentials 'minioadmin:minioadmin', we recommend that you change these values with 'MINIO_ROOT_USER' and 'MINIO_ROOT_PASSWORD' environment variables
 Container museflow-postgres-1 Healthy 
 Container museflow-migrate-1 Starting 
 Container museflow-migrate-1 Started 
 Container museflow-redis-1 Waiting 
 Container museflow-postgres-1 Waiting 
 Container museflow-migrate-1 Waiting 
 Container museflow-minio-1 Healthy 
 Container museflow-minio-init-1 Starting 
 Container museflow-minio-init-1 Started 
 Container museflow-redis-1 Waiting 
 Container museflow-migrate-1 Waiting 
 Container museflow-minio-init-1 Waiting 
 Container museflow-minio-init-1 Waiting 
 Container museflow-postgres-1 Waiting 
 Container museflow-postgres-1 Waiting 
 Container museflow-migrate-1 Waiting 
 Container museflow-migrate-1 Waiting 
 Container museflow-redis-1 Waiting 
 Container museflow-redis-1 Waiting 
 Container museflow-minio-init-1 Waiting 
migrate-1   |    Building museflow-backend @ file:///app
minio-init-1  | Added `local` successfully.
minio-init-1  | Bucket created successfully `local/museflow-results`.
 Container museflow-redis-1 Healthy 
 Container museflow-postgres-1 Healthy 
minio-init-1  | Access permission for `local/museflow-results` is set to `private`

[Kminio-init-1 exited with code 0
 Container museflow-minio-init-1 Exited 
 Container museflow-minio-init-1 Exited 
 Container museflow-postgres-1 Healthy 
 Container museflow-minio-init-1 Exited 
 Container museflow-redis-1 Healthy 
 Container museflow-postgres-1 Healthy 
 Container museflow-redis-1 Healthy 
 Container museflow-redis-1 Healthy 
migrate-1     |       Built museflow-backend @ file:///app
migrate-1     | Installed 1 package in 2ms
migrate-1     | INFO  [alembic.runtime.migration] Context impl PostgresqlImpl.
migrate-1     | INFO  [alembic.runtime.migration] Will assume transactional DDL.
migrate-1     | INFO  [alembic.runtime.migration] Running upgrade 0004_demo_execution_profiles -> 0005_expand_compatibility_schema, expand schema for compatible generation and reference asset storage
migrate-1     | INFO  [alembic.runtime.migration] Running upgrade 0005_expand_compatibility_schema -> 0006_compatibility_constraints, backfill and constrain compatible task snapshots
migrate-1     | INFO  [alembic.runtime.migration] Running upgrade 0006_compatibility_constraints -> 0007_reference_operation_leases, add maintenance leases for reference object operations
 Container museflow-migrate-1 Exited 
 Container museflow-scheduler-1 Starting 

[Kmigrate-1 exited with code 0
 Container museflow-migrate-1 Exited 
 Container museflow-migrate-1 Exited 
 Container museflow-worker-1 Starting 
 Container museflow-api-1 Starting 
 Container museflow-migrate-1 Exited 
 Container museflow-maintenance-worker-1 Starting 
 Container museflow-scheduler-1 Started 
scheduler-1   |    Building museflow-backend @ file:///app
 Container museflow-worker-1 Started 
worker-1      |    Building museflow-backend @ file:///app
 Container museflow-api-1 Started 
 Container museflow-api-1 Waiting 
api-1         |    Building museflow-backend @ file:///app
 Container museflow-maintenance-worker-1 Started 
maintenance-worker-1  |    Building museflow-backend @ file:///app
scheduler-1           |       Built museflow-backend @ file:///app
scheduler-1           | Installed 1 package in 2ms
worker-1              |       Built museflow-backend @ file:///app
worker-1              | Installed 1 package in 2ms
api-1                 |       Built museflow-backend @ file:///app
api-1                 | Installed 1 package in 2ms
maintenance-worker-1  |       Built museflow-backend @ file:///app
maintenance-worker-1  | Installed 1 package in 2ms
worker-1              | /app/.venv/lib/python3.13/site-packages/celery/platforms.py:841: SecurityWarning: You're running the worker with superuser privileges: this is
worker-1              | absolutely not recommended!
worker-1              | 
worker-1              | Please specify a different user using the --uid option.
worker-1              | 
worker-1              | User information: uid=0 euid=0 gid=0 egid=0
worker-1              | 
worker-1              |   warnings.warn(SecurityWarning(ROOT_DISCOURAGED.format(
api-1                 | INFO:     Started server process [39]
api-1                 | INFO:     Waiting for application startup.
api-1                 | INFO:     Application startup complete.
api-1                 | INFO:     Uvicorn running on http://0.0.0.0:8000 (Press CTRL+C to quit)
worker-1              |  
worker-1              |  -------------- celery@2e7a0253456c v5.6.3 (recovery)
worker-1              | --- ***** ----- 
worker-1              | -- ******* ---- Linux-6.6.87.2-microsoft-standard-WSL2-x86_64-with-glibc2.41 2026-09-25 01:52:47
worker-1              | - *** --- * --- 
worker-1              | - ** ---------- [config]
worker-1              | - ** ---------- .> app:         museflow:0x77041d38e660
worker-1              | - ** ---------- .> transport:   redis://redis:6379/0
worker-1              | - ** ---------- .> results:     disabled://
worker-1              | - *** --- * --- .> concurrency: 1 (prefork)
worker-1              | -- ******* ---- .> task events: OFF (enable -E to monitor tasks in this worker)
worker-1              | --- ***** ----- 
worker-1              |  -------------- [queues]
worker-1              |                 .> generation       exchange=generation(direct) key=generation
worker-1              |                 
worker-1              | 
worker-1              | [tasks]
worker-1              |   . museflow.execute_task
worker-1              |   . museflow.reference_asset_maintenance
worker-1              | 
worker-1              | [2026-09-25 01:52:47,408: INFO/MainProcess] Connected to redis://redis:6379/0
worker-1              | [2026-09-25 01:52:47,411: INFO/MainProcess] mingle: searching for neighbors
maintenance-worker-1  | /app/.venv/lib/python3.13/site-packages/celery/platforms.py:841: SecurityWarning: You're running the worker with superuser privileges: this is
maintenance-worker-1  | absolutely not recommended!
maintenance-worker-1  | 
maintenance-worker-1  | Please specify a different user using the --uid option.
maintenance-worker-1  | 
maintenance-worker-1  | User information: uid=0 euid=0 gid=0 egid=0
maintenance-worker-1  | 
maintenance-worker-1  |   warnings.warn(SecurityWarning(ROOT_DISCOURAGED.format(
maintenance-worker-1  |  
maintenance-worker-1  |  -------------- celery@95f84323005c v5.6.3 (recovery)
maintenance-worker-1  | --- ***** ----- 
maintenance-worker-1  | -- ******* ---- Linux-6.6.87.2-microsoft-standard-WSL2-x86_64-with-glibc2.41 2026-09-25 01:52:47
maintenance-worker-1  | - *** --- * --- 
maintenance-worker-1  | - ** ---------- [config]
maintenance-worker-1  | - ** ---------- .> app:         museflow:0x74c24b2d2660
maintenance-worker-1  | - ** ---------- .> transport:   redis://redis:6379/0
maintenance-worker-1  | - ** ---------- .> results:     disabled://
maintenance-worker-1  | - *** --- * --- .> concurrency: 1 (prefork)
maintenance-worker-1  | -- ******* ---- .> task events: OFF (enable -E to monitor tasks in this worker)
maintenance-worker-1  | --- ***** ----- 
maintenance-worker-1  |  -------------- [queues]
maintenance-worker-1  |                 .> maintenance      exchange=generation(direct) key=generation
maintenance-worker-1  |                 
maintenance-worker-1  | 
maintenance-worker-1  | [tasks]
maintenance-worker-1  |   . museflow.execute_task
maintenance-worker-1  |   . museflow.reference_asset_maintenance
maintenance-worker-1  | 
maintenance-worker-1  | [2026-09-25 01:52:47,584: INFO/MainProcess] Connected to redis://redis:6379/0
maintenance-worker-1  | [2026-09-25 01:52:47,588: INFO/MainProcess] mingle: searching for neighbors
api-1                 | INFO:     127.0.0.1:46158 - "GET /api/v1/health/ready HTTP/1.1" 200 OK
worker-1              | [2026-09-25 01:52:48,423: INFO/MainProcess] mingle: all alone
worker-1              | [2026-09-25 01:52:48,436: INFO/MainProcess] celery@2e7a0253456c ready.
 Container museflow-api-1 Healthy 
 Container museflow-web-1 Starting 
maintenance-worker-1  | [2026-09-25 01:52:48,598: INFO/MainProcess] mingle: all alone
maintenance-worker-1  | [2026-09-25 01:52:48,612: INFO/MainProcess] celery@95f84323005c ready.
maintenance-worker-1  | [2026-09-25 01:52:48,615: INFO/MainProcess] Task museflow.reference_asset_maintenance[d5a00420-92ec-4080-bc15-9159210f9b85] received
web-1                 | /docker-entrypoint.sh: /docker-entrypoint.d/ is not empty, will attempt to perform configuration
web-1                 | /docker-entrypoint.sh: Looking for shell scripts in /docker-entrypoint.d/
web-1                 | /docker-entrypoint.sh: Launching /docker-entrypoint.d/10-listen-on-ipv6-by-default.sh
web-1                 | 10-listen-on-ipv6-by-default.sh: info: Getting the checksum of /etc/nginx/conf.d/default.conf
 Container museflow-web-1 Started 
web-1                 | 10-listen-on-ipv6-by-default.sh: info: /etc/nginx/conf.d/default.conf differs from the packaged version
web-1                 | /docker-entrypoint.sh: Sourcing /docker-entrypoint.d/15-local-resolvers.envsh
web-1                 | /docker-entrypoint.sh: Launching /docker-entrypoint.d/20-envsubst-on-templates.sh
web-1                 | /docker-entrypoint.sh: Launching /docker-entrypoint.d/30-tune-worker-processes.sh
web-1                 | /docker-entrypoint.sh: Configuration complete; ready for start up
maintenance-worker-1  | [2026-09-25 01:52:48,824: INFO/ForkPoolWorker-1] museflow_event
maintenance-worker-1  | [2026-09-25 01:52:48,824: INFO/ForkPoolWorker-1] Task museflow.reference_asset_maintenance[d5a00420-92ec-4080-bc15-9159210f9b85] succeeded in 0.2084294069999828s: None
web-1                 | 2026/09/25 01:52:48 [notice] 1#1: using the "epoll" event method
web-1                 | 2026/09/25 01:52:48 [notice] 1#1: nginx/1.29.8
web-1                 | 2026/09/25 01:52:48 [notice] 1#1: built by gcc 15.2.0 (Alpine 15.2.0) 
web-1                 | 2026/09/25 01:52:48 [notice] 1#1: OS: Linux 6.6.87.2-microsoft-standard-WSL2
web-1                 | 2026/09/25 01:52:48 [notice] 1#1: getrlimit(RLIMIT_NOFILE): 1048576:1048576
web-1                 | 2026/09/25 01:52:48 [notice] 1#1: start worker processes
web-1                 | 2026/09/25 01:52:48 [notice] 1#1: start worker process 29
web-1                 | 2026/09/25 01:52:48 [notice] 1#1: start worker process 30
web-1                 | 2026/09/25 01:52:48 [notice] 1#1: start worker process 31
web-1                 | 2026/09/25 01:52:48 [notice] 1#1: start worker process 32
web-1                 | 2026/09/25 01:52:48 [notice] 1#1: start worker process 33
web-1                 | 2026/09/25 01:52:48 [notice] 1#1: start worker process 34
web-1                 | 2026/09/25 01:52:48 [notice] 1#1: start worker process 35
web-1                 | 2026/09/25 01:52:48 [notice] 1#1: start worker process 36
web-1                 | 2026/09/25 01:52:48 [notice] 1#1: start worker process 37
web-1                 | 2026/09/25 01:52:48 [notice] 1#1: start worker process 38
web-1                 | 2026/09/25 01:52:48 [notice] 1#1: start worker process 39
web-1                 | 2026/09/25 01:52:48 [notice] 1#1: start worker process 40
web-1                 | 2026/09/25 01:52:48 [notice] 1#1: start worker process 41
web-1                 | 2026/09/25 01:52:48 [notice] 1#1: start worker process 42
web-1                 | 2026/09/25 01:52:48 [notice] 1#1: start worker process 43
web-1                 | 2026/09/25 01:52:48 [notice] 1#1: start worker process 44
api-1                 | INFO:     127.0.0.1:46170 - "GET /api/v1/health/ready HTTP/1.1" 200 OK
api-1                 | INFO:     127.0.0.1:46050 - "GET /api/v1/health/ready HTTP/1.1" 200 OK
api-1                 | INFO:     127.0.0.1:46062 - "GET /api/v1/health/ready HTTP/1.1" 200 OK
api-1                 | INFO:     172.18.0.1:52860 - "GET /api/v1/health/ready HTTP/1.1" 200 OK
web-1                 | 172.18.0.1 - - [25/Sep/2026:01:53:05 +0000] "GET / HTTP/1.1" 200 618 "-" "Mozilla/5.0 (Windows NT 10.0; Microsoft Windows 10.0.26100; zh-CN) PowerShell/7.6.5" "-"
api-1                 | INFO:     127.0.0.1:39088 - "GET /api/v1/health/ready HTTP/1.1" 200 OK
api-1                 | INFO:     127.0.0.1:39102 - "GET /api/v1/health/ready HTTP/1.1" 200 OK
api-1                 | INFO:     127.0.0.1:55582 - "GET /api/v1/health/ready HTTP/1.1" 200 OK
api-1                 | INFO:     127.0.0.1:55590 - "GET /api/v1/health/ready HTTP/1.1" 200 OK
api-1                 | INFO:     127.0.0.1:32930 - "GET /api/v1/health/ready HTTP/1.1" 200 OK
api-1                 | INFO:     172.18.0.9:59482 - "GET /api/v1/health/ready HTTP/1.1" 200 OK
web-1                 | 172.18.0.1 - - [25/Sep/2026:01:53:31 +0000] "GET /api/v1/health/ready HTTP/1.1" 200 18 "-" "Mozilla/5.0 (Windows NT 10.0; Microsoft Windows 10.0.26100; zh-CN) PowerShell/7.6.5" "-"
api-1                 | INFO:     127.0.0.1:32932 - "GET /api/v1/health/ready HTTP/1.1" 200 OK
api-1                 | INFO:     127.0.0.1:59086 - "GET /api/v1/health/ready HTTP/1.1" 200 OK
api-1                 | INFO:     127.0.0.1:59094 - "GET /api/v1/health/ready HTTP/1.1" 200 OK
api-1                 | INFO:     127.0.0.1:35958 - "GET /api/v1/health/ready HTTP/1.1" 200 OK
api-1                 | INFO:     127.0.0.1:35964 - "GET /api/v1/health/ready HTTP/1.1" 200 OK
api-1                 | INFO:     127.0.0.1:52976 - "GET /api/v1/health/ready HTTP/1.1" 200 OK
api-1                 | INFO:     127.0.0.1:52982 - "GET /api/v1/health/ready HTTP/1.1" 200 OK
api-1                 | INFO:     127.0.0.1:35930 - "GET /api/v1/health/ready HTTP/1.1" 200 OK
api-1                 | INFO:     127.0.0.1:59536 - "GET /api/v1/health/ready HTTP/1.1" 200 OK
api-1                 | INFO:     127.0.0.1:59552 - "GET /api/v1/health/ready HTTP/1.1" 200 OK
